// Jest Snapshot v1, https://goo.gl/fbAQLP

exports[`Footer Component render correctly Footer component 1`] = `
<footer
  className="footer"
>
  <div
    className="container"
  >
    <span>
      Â© 2020 Roze Delivery
    </span>
  </div>
</footer>
`;
